I'm sorry, but errors were detected in your script. Please correct the
errors listed below, and try again.


File "game/script/gym.rpy", line 73: Line is indented, but the preceding show statement statement does not expect a block. Please check this line's indentation.
    if met_ritsuko:
    ^

Ren'Py Version: Ren'Py 7.1.3.1092
Thu Dec 27 10:20:25 2018
